// Jest Snapshot v1, https://goo.gl/fbAQLP

exports[`App renders correctly 1`] = `
<DocumentFragment>
  <div
    class="app"
  >
    <img
      alt="nasaLogo"
      class="nasa-logo"
      src="logo.png"
    />
    <form
      class="search-form"
    >
      <input
        class="search-input"
        placeholder="Enter your search"
        type="text"
      />
      <button
        class="search-btn"
        type="submit"
      >
        Go!
      </button>
    </form>
    <div
      class="image-container"
    />
  </div>
</DocumentFragment>
`;
